[www.merlinshredding.com/index.html]
[backblue.gif]
[fade.gif]
[index.html]
[images.squarespace-cdn.com/content/6047e4c6dfc6544ed63c758e/1617699352192-3JKIALA1J6R0EFWW4XAL/cover-02ee8a.jpg]
[assets.squarespace.com/@sqs/polyfiller/1.6/legacy.js]
[use.typekit.net/ik/G5nEeSMuu9ULzK4GLPOA0-rIjLKYCrRrAqpQnYx36qqfelJIfFHN4UJLFRbh52jhWDj3F2i8FewhZeZRFR9XFemqFRFRFD9tZs7-MkG0jAFu-WsoShFGZAsude80ZkoRdhXCHKoyjamTiY8Djhy8ZYmC-Ao1Oco8if37OcBDOcu8OfG0j14zd1T8OAZ]
[assets.squarespace.com/@sqs/polyfiller/1.6/modern.js]
[assets.squarespace.com/universal/scripts-compressed/extract-css-runtime-4a98261b40dbacc4-min.en-US.js]
[assets.squarespace.com/universal/scripts-compressed/extract-css-moment-js-vendor-6f2a1f6ec9a41489-min.en-US.js]
[assets.squarespace.com/universal/scripts-compressed/cldr-resource-pack-22ed584d99d9b83d-min.en-US.js]
[assets.squarespace.com/universal/scripts-compressed/common-vendors-stable-fbd854d40b0804b7-min.en-US.js]
[assets.squarespace.com/universal/scripts-compressed/common-vendors-1bbb91f42bf835f6-min.en-US.js]
[assets.squarespace.com/universal/scripts-compressed/common-8b2dcb964e04339b-min.en-US.js]
[assets.squarespace.com/universal/scripts-compressed/performance-9e9becad3f889213-min.en-US.js]
[definitions.sqspcdn.com/website-component-definition/static-assets/website.components.code/67329de6-2556-4555-90a3-e28bdd8170a3_49/website.components.code.visitor.js]
[definitions.sqspcdn.com/website-component-definition/static-assets/website.components.button/23adf1a1-4dab-4e71-86c8-1c2ffc4005d0_173/website.components.button.visitor.js]
[definitions.sqspcdn.com/website-component-definition/static-assets/website.components.spacer/56b7cd39-e5ce-4d12-a6bc-3cfeb962ae44_326/website.components.spacer.visitor.js]
[static1.squarespace.com/static/versioned-site-css/6047e4c6dfc6544ed63c758e/148/5c5a519771c10ba3470d8101/6047e4c6dfc6544ed63c75a8/1712/site.css]
[www.merlinshredding.com/our-services.html]
[www.merlinshredding.com/about-us.html]
[static1.squarespace.com/static/vta/5c5a519771c10ba3470d8101/versioned-assets/1765218803633-WH5J0Q4OSYVTLIRSITIO/static.css]
[images.squarespace-cdn.com/content/v1/6047e4c6dfc6544ed63c758e/1617042006084-3L4XY3IRWJLV6B6M0ABL/Merlin_Horizontal_Logo_White26f7.png]
[www.merlinshredding.com/cart.html]
[www.merlinshredding.com/destruction-of-electronics.html]
[www.merlinshredding.com/paper-shredding.html]
[www.merlinshredding.com/textile-shredding.html]
[www.merlinshredding.com/specialty-destruction-projects.html]
[www.merlinshredding.com/residential-mobile-shredding.html]
[www.merlinshredding.com/secure-bins-and-consoles.html]
[www.merlinshredding.com/calgary-southern-alberta-mobile-shredding.html]
[www.merlinshredding.com/edmonton-northern-alberta-mobile-shredding.html]
[www.merlinshredding.com/red-deer-central-alberta-mobile-shredding.html]
[www.merlinshredding.com/shred-events.html]
[www.merlinshredding.com/environmental-impact.html]
[www.merlinshredding.com/faqs.html]
[www.merlinshredding.com/request-quote.html]
[www.merlinshredding.com/blog.html]
[www.merlinshredding.com/contact-us.html]
[images.squarespace-cdn.com/content/v1/6047e4c6dfc6544ed63c758e/1615324870280-BZ2FP7ZQZPQOATZGM2V3/AdobeStock_203623925.jpg]
[images.squarespace-cdn.com/content/v1/6047e4c6dfc6544ed63c758e/1629838099205-3OD3CEMZHBR9M7OQZQJJ/Merlin+Shredding+Edmonton.jpg]
[images.squarespace-cdn.com/content/v1/6047e4c6dfc6544ed63c758e/1629838824934-QB04EICMLCCRRQHP1KUM/Merlin+Shredding+Calgary.jpg]
[images.squarespace-cdn.com/content/v1/6047e4c6dfc6544ed63c758e/1629838221427-DTB0M5JKZGY5IO1SPF7Z/Merlin+Shredding+Red+Deer.jpg]
[images.squarespace-cdn.com/content/v1/6047e4c6dfc6544ed63c758e/1629838271490-0ASC9H2L10L86MAMVES5/Merlin+Shredding+Rural+Alberta.jpg]
[images.squarespace-cdn.com/content/v1/6047e4c6dfc6544ed63c758e/1615397626503-W9B828JD24JXOA2BLNXS/Merlin_Logomark.png]
[images.squarespace-cdn.com/content/v1/6047e4c6dfc6544ed63c758e/1617037493007-RV5EEJR5L38C5XZYXJ2G/Trucks2.jpg]
[images.squarespace-cdn.com/content/v1/6047e4c6dfc6544ed63c758e/1615910138098-D4GEGC77AU6OFW03Y29F/Electronic_Icon-01.jpg]
[images.squarespace-cdn.com/content/v1/6047e4c6dfc6544ed63c758e/1615910170738-OFPS8R24QUWSZFPPLMKQ/Security_Icon-01.jpg]
[images.squarespace-cdn.com/content/v1/6047e4c6dfc6544ed63c758e/1615910124734-EX04OHD05HCAWO653BXL/Paper_icon-01.jpg]
[images.squarespace-cdn.com/content/v1/6047e4c6dfc6544ed63c758e/1615910184848-OX1RDL1YIMU6TE85PFTS/Residential_Icon-01.jpg]
[images.squarespace-cdn.com/content/v1/6047e4c6dfc6544ed63c758e/1615910156707-HZKT08FBZP4ENC6ARX2O/Textile_Icon-01.jpg]
[images.squarespace-cdn.com/content/v1/6047e4c6dfc6544ed63c758e/1615910202453-C51PEK2H8SKAAICTDRII/Bins.jpg]
[images.squarespace-cdn.com/content/v1/6047e4c6dfc6544ed63c758e/1616005225209-DA4P4P0UCMA7OAADQDZA/NAID-01.png]
[images.squarespace-cdn.com/content/v1/6047e4c6dfc6544ed63c758e/1615921294989-E40KXO4CSV90G7FVZ766/sigmund-jZXZvw2CdqY-unsplash.jpg]
[www.merlinshredding.com/blog/why-textiles-get-shredded.html]
[www.merlinshredding.com/blog/4-things-you-didnt-think-of-shredding.html]
[www.merlinshredding.com/blog/electronics-shredding-why-should-you-shred-your-old-computer.html]
[www.merlinshredding.com/blog/how-to-shred-without-a-paper-shredder-espt9.html]
[www.merlinshredding.com/blog/what-documents-to-keep-versus-shred-w4m9g.html]
[www.merlinshredding.com/blog/why-should-we-shred-our-old-tax-information.html]
[www.merlinshredding.com/change/add-appointment.html]
[www.merlinshredding.com/areas-we-service.html]
[images.squarespace-cdn.com/content/v1/6047e4c6dfc6544ed63c758e/1616004714392-6GXFKJDIQWVU0JFYT0CI/NAID-01.png]
[www.merlinshredding.com/privacy-policy.html]
[images.squarespace-cdn.com/content/v1/6047e4c6dfc6544ed63c758e/1616004736382-J3AE6TDUVPY8NOJ59275/COR-01.png]
[static1.squarespace.com/static/vta/5c5a519771c10ba3470d8101/scripts/site-bundle.17f31cb3744d950c8cb02b11a2b54f90.js]
[assets.squarewebsites.org/sqs-map-utils/init.min.js]
[www.merlinshredding.com/index.html]
[definitions.sqspcdn.com/website-component-definition/static-assets/website.components.button/23adf1a1-4dab-4e71-86c8-1c2ffc4005d0_173/website.components.button.styles.css]
[definitions.sqspcdn.com/website-component-definition/static-assets/website.components.spacer/56b7cd39-e5ce-4d12-a6bc-3cfeb962ae44_326/website.components.spacer.styles.css]
[definitions.sqspcdn.com/website-component-definition/static-assets/website.components.code/67329de6-2556-4555-90a3-e28bdd8170a3_49/website.components.code.styles.css]
[assets.squarespace.com/universal/images-v6/damask/error-dark.png]
[assets.squarespace.com/universal/images-v6/damask/error-dark@2x.png]
[assets.squarewebsites.org/sqs-map-utils/map-utils-admin.min.js]
[assets.squarespace.com/universal/images-v6/damask/play-button.png]
[assets.squarespace.com/universal/images-v6/damask/play-button@2x.png]
[assets.squarespace.com/universal/images-v6/damask/edit-aviary-light.png]
[assets.squarespace.com/universal/images-v6/damask/edit-aviary-light@2x.png]
[assets.squarespace.com/universal/images-v6/damask/edit-info-light.png]
[assets.squarespace.com/universal/images-v6/damask/edit-info-light@2x.png]
[assets.squarespace.com/universal/images-v6/damask/trash-9-light.png]
[assets.squarespace.com/universal/images-v6/damask/trash-9-light@2x.png]
[assets.squarespace.com/universal/images-v6/damask/trash-9-red.png]
[assets.squarespace.com/universal/images-v6/damask/trash-9-red@2x.png]
[assets.squarespace.com/universal/images-v6/damask/getty-16-light.png]
[assets.squarespace.com/universal/images-v6/damask/getty-32-light.png]
[assets.squarespace.com/universal/images-v6/damask/shopping-cart-16-light.png]
[assets.squarespace.com/universal/images-v6/damask/shopping-cart-32-light.png]
[assets.squarespace.com/universal/images-v6/icons/block-indicator-dark.png]
[assets.squarespace.com/universal/images-v6/icons/block-indicator-dark@2x.png]
[assets.squarespace.com/universal/images-v6/icons/opentable-icons.png]
[assets.squarespace.com/universal/images-v6/icons/icon-searchqueries-20-dark.png]
[assets.squarespace.com/universal/images-v6/icons/icon-searchqueries-20-light.png]
[assets.squarespace.com/universal/images-v6/icons/icon-video-24-light-solid.png]
[assets.squarespace.com/universal/images-v6/standard/icon_close_7_light.png]
[assets.squarespace.com/universal/images-v6/icons/icon-settings-16-light.png]
[static1.squarespace.com/static/versioned-site-css/6047e4c6dfc6544ed63c758e/148/5c5a519771c10ba3470d8101/6047e4c6dfc6544ed63c75a8/1712/site.css]
[images.squarespace-cdn.com/content/6047e4c6dfc6544ed63c758e/1618307603918-4P5RS7C6KUWT9AFK7JR5/cover-01ee8a.jpg]
[assets.squarespace.com/universal/scripts-compressed/extract-css-runtime-c415632649aa2376-min.en-US.js]
[images.squarespace-cdn.com/content/v1/6047e4c6dfc6544ed63c758e/1615407838978-QCPE1LGGS2CCSJ9EYF8L/jj-ying-WmnsGyaFnCQ-unsplash.jpg]
[images.squarespace-cdn.com/content/v1/6047e4c6dfc6544ed63c758e/1616006847833-4BQJR9LLQ4VBS9SQ7N2N/Block+1-01.jpg]
[images.squarespace-cdn.com/content/v1/6047e4c6dfc6544ed63c758e/1616006476328-C7GXHJFHUBAVV3RU0E1H/Block+4-01.jpg]
[images.squarespace-cdn.com/content/v1/6047e4c6dfc6544ed63c758e/1615398977634-LJFRLIZML74FZSI43AST/Block+2-01.jpg]
[images.squarespace-cdn.com/content/v1/6047e4c6dfc6544ed63c758e/1616008893033-ZNLMO42UIQYY1BNYE2J3/Block+5.jpg]
[images.squarespace-cdn.com/content/v1/6047e4c6dfc6544ed63c758e/1616008161228-R60O13OT7BYRWTEMJ72Q/Block+3.jpg]
[images.squarespace-cdn.com/content/v1/6047e4c6dfc6544ed63c758e/1616021128798-177W7HG51QX15UJ6BDQ4/Block+6.jpg]
[www.merlinshredding.com/our-services.html]
[images.squarespace-cdn.com/content/6047e4c6dfc6544ed63c758e/1618307110852-VD3ZC8WSFPXUJMNV0FI6/cover-03ee8a.jpg]
[images.squarespace-cdn.com/content/v1/6047e4c6dfc6544ed63c758e/1616010461091-BOAD6GOTJ37EZDIHBL08/pexels-fauxels-3184418.jpg]
[www.merlinshredding.com/blog/what-is-the-naid-aaa-certification.html]
[images.squarespace-cdn.com/content/v1/6047e4c6dfc6544ed63c758e/1616011010174-X37S79SC2J8UYDGBF5NH/NAID-01.png]
[images.squarespace-cdn.com/content/v1/6047e4c6dfc6544ed63c758e/1617037540058-36Q3NOKUR9MP74VQ5LHZ/Trucks2.jpg]
[images.squarespace-cdn.com/content/v1/6047e4c6dfc6544ed63c758e/1615835603252-WEQTBG4YBSVF3FT1R4C2/Dave%27s+pic.jpg]
[www.merlinshredding.com/about-us.html]
[www.googletagmanager.com/gtm5445.html]
[static1.squarespace.com/static/vta/5c5a519771c10ba3470d8101/versioned-assets/1765218803633-WH5J0Q4OSYVTLIRSITIO/static.css]
[www.merlinshredding.com/cart.html]
[images.squarespace-cdn.com/content/6047e4c6dfc6544ed63c758e/1618269214521-KY0AXV1YGPO9PHE5H47P/cover-04ee8a.jpg]
[images.squarespace-cdn.com/content/v1/6047e4c6dfc6544ed63c758e/1616006883156-HU8NZQURJ2O56G6HIZ6T/AdobeStock_414662207.jpg]
[images.squarespace-cdn.com/content/v1/6047e4c6dfc6544ed63c758e/1616007343762-FJRETA3M951BCDOGYD4E/AdobeStock_332233022.jpg]
[images.squarespace-cdn.com/content/v1/6047e4c6dfc6544ed63c758e/1615333616231-V44D2OCXFZ67LMRE7XDX/Textile_Icon-01.png]
[images.squarespace-cdn.com/content/v1/6047e4c6dfc6544ed63c758e/1615333591449-T08SRWZHQ7G17AUNRI2D/Paper_icon-01.png]
[images.squarespace-cdn.com/content/v1/6047e4c6dfc6544ed63c758e/1615333641497-QTT4TC6M4G60R19UCK05/Security_Icon-01.png]
[images.squarespace-cdn.com/content/v1/6047e4c6dfc6544ed63c758e/1615333669509-EX3QWASAEFHO0CO2ECA9/Residential_Icon-01.png]
[images.squarespace-cdn.com/content/v1/6047e4c6dfc6544ed63c758e/1615333683282-PW6F5F6CFJ05ZJUJYHAI/Bins.png]
[www.merlinshredding.com/destruction-of-electronics.html]
[images.squarespace-cdn.com/content/6047e4c6dfc6544ed63c758e/1617700748096-Z1ZK06D4N2PG5DGPR8DK/cover-01ee8a.jpg]
[assets.squarespace.com/universal/scripts-compressed/extract-css-runtime-eb2778cda7276518-min.en-US.js]
[images.squarespace-cdn.com/content/v1/6047e4c6dfc6544ed63c758e/1616007524692-31EKZOFQB1HOGZN9EULQ/AdobeStock_9656323.jpg]
[images.squarespace-cdn.com/content/v1/6047e4c6dfc6544ed63c758e/1616007568039-AYRRTDOLYEMC3AV69OTK/NAID-01.png]
[images.squarespace-cdn.com/content/v1/6047e4c6dfc6544ed63c758e/1615334476422-JG0NDZ372SXJ8D85X9KP/Electronic_Icon-01.png]
[www.merlinshredding.com/paper-shredding.html]
[images.squarespace-cdn.com/content/6047e4c6dfc6544ed63c758e/1617701146653-0VQE0OAGQ9KZVU9H8LPY/cover-03ee8a.jpg]
[images.squarespace-cdn.com/content/v1/6047e4c6dfc6544ed63c758e/1616007981413-GCOD3NJFUSYAB4G6KAEC/AdobeStock_93447288.jpg]
[images.squarespace-cdn.com/content/v1/6047e4c6dfc6544ed63c758e/1616008012139-A7GP0WGU4HGB8P6I40RY/NAID-01.png]
[www.merlinshredding.com/textile-shredding.html]
[images.squarespace-cdn.com/content/v1/6047e4c6dfc6544ed63c758e/1615334717459-YDJGK4LNJQH9UJACWAVU/Paper_icon-01.png]
[images.squarespace-cdn.com/content/6047e4c6dfc6544ed63c758e/1617701557233-JP17X17BXWB59CP18S0X/cover-05ee8a.jpg]
[images.squarespace-cdn.com/content/v1/6047e4c6dfc6544ed63c758e/1616006514149-QSFJMPRPYYZNRPAJCNH6/chuttersnap-unsplash.jpg]
[images.squarespace-cdn.com/content/v1/6047e4c6dfc6544ed63c758e/1616008469248-0PDLZOPF49PO6VZVH9LG/NAID-01.png]
[images.squarespace-cdn.com/content/v1/6047e4c6dfc6544ed63c758e/1615334999921-9ULTC2XWVSZG1O51P4UP/Textile_Icon-01.png]
[images.squarespace-cdn.com/content/v1/6047e4c6dfc6544ed63c758e/1615335468910-91USH6VE2BOZO35IXY3G/Residential_Icon-01.png]
[www.merlinshredding.com/specialty-destruction-projects.html]
[images.squarespace-cdn.com/content/6047e4c6dfc6544ed63c758e/1617701703733-4IQMQ57WTHAO8341DHK2/cover-03ee8a.jpg]
[images.squarespace-cdn.com/content/v1/6047e4c6dfc6544ed63c758e/1616008715569-W47NG3JV57LNAUX8KVG8/AdobeStock_191643231.jpg]
[images.squarespace-cdn.com/content/v1/6047e4c6dfc6544ed63c758e/1616009064951-TPKVI6XR3QWQRFS8ZDLP/AdobeStock_223258396.jpg]
[images.squarespace-cdn.com/content/v1/6047e4c6dfc6544ed63c758e/1616008747693-6BT0K99S9Y8718I1ZATX/NAID-01.png]
[www.merlinshredding.com/residential-mobile-shredding.html]
[images.squarespace-cdn.com/content/6047e4c6dfc6544ed63c758e/1617702728742-XQT40EJ7144CJYZ5BYA1/cover-02ee8a.jpg]
[images.squarespace-cdn.com/content/v1/6047e4c6dfc6544ed63c758e/1616021163491-WSVXU5Y9CSOFYYNT0FIQ/Console+Banner.png]
[images.squarespace-cdn.com/content/v1/6047e4c6dfc6544ed63c758e/1616011205705-60OWHZ1JFFW3Z5RDSJA8/NAID-01.png]
[images.squarespace-cdn.com/content/v1/6047e4c6dfc6544ed63c758e/1619037687616-SRWRG7XOH09Z9FPGJ8VW/Shredding+Console.png]
[images.squarespace-cdn.com/content/v1/6047e4c6dfc6544ed63c758e/1619039058340-FT7N3SYMUCUHNU9C3EYU/32+Gallon+Wheel+Bin.png]
[images.squarespace-cdn.com/content/v1/6047e4c6dfc6544ed63c758e/1619039170704-YCRLWFKBW0CEBC1FOE4E/65+Gallon+Wheel+Bin.png]
[images.squarespace-cdn.com/content/v1/6047e4c6dfc6544ed63c758e/1615335666353-NVWY3U0GQKBUKHWZ5TBA/Residential_Icon-01.png]
[www.merlinshredding.com/secure-bins-and-consoles.html]
[images.squarespace-cdn.com/content/6047e4c6dfc6544ed63c758e/9964a8af-8d08-4d30-a9db-7bc08a4dc1d6/Merlin_Logomark5d45.png]
[definitions.sqspcdn.com/website-component-definition/static-assets/website.components.form/1d86fba7-1e58-4a2b-9e3b-67593f31657e_175/website.components.form.styles.css]
[definitions.sqspcdn.com/website-component-definition/static-assets/website.components.form/1d86fba7-1e58-4a2b-9e3b-67593f31657e_175/website.components.form.visitor.js]
[www.merlinshredding.com/calgary-southern-alberta-mobile-shredding.html]
[images.squarespace-cdn.com/content/v1/6047e4c6dfc6544ed63c758e/1758751289017-QVV7MTMU0YV50PYOK7FJ/unsplash-image-ABhcSHBdgSA.jpg]
[www.merlinshredding.com/edmonton-northern-alberta-mobile-shredding.html]
[images.squarespace-cdn.com/content/v1/6047e4c6dfc6544ed63c758e/1629838068678-RZXYO5NSQYJD9QLYUUBR/Red+Deer.jpg]
[www.merlinshredding.com/red-deer-central-alberta-mobile-shredding.html]
[images.squarespace-cdn.com/content/6047e4c6dfc6544ed63c758e/1617703809695-WYTOXW2VMKSOR1DA9MWQ/cover-01ee8a.jpg]
[code.jquery.com/jquery-3.5.1.min.js]
[images.squarespace-cdn.com/content/v1/6047e4c6dfc6544ed63c758e/1615921166169-9RBPXZISUTAGPOWP9N39/faith-mcdonald_unsplash.jpg]
[www.merlinshredding.com/shred-events.html]
[www.merlinshredding.com/faqs.html]
[images.squarespace-cdn.com/content/v1/6047e4c6dfc6544ed63c758e/1615920984038-W0T5E629RJMB2151EZIN/AdobeStock_113620606.jpg]
[www.merlinshredding.com/environmental-impact.html]
[www.merlinshredding.com/bloga409]
[images.squarespace-cdn.com/content/v1/6047e4c6dfc6544ed63c758e/1628702425592-HKE8ZDXSTOO21VGIK5H4/AdobeStock_189109501.jpg]
[images.squarespace-cdn.com/content/v1/6047e4c6dfc6544ed63c758e/1654655546703-EV5CKZY9AX76S0LRAYZG/documents_needed.jpg]
[images.squarespace-cdn.com/content/v1/6047e4c6dfc6544ed63c758e/1633678304339-7W04TVHZUVIDTR6B8OLN/unsplash-image-dbpLrMALyiM.jpg]
[images.squarespace-cdn.com/content/v1/6047e4c6dfc6544ed63c758e/1628277385396-Q6E2IRNC08PXCFHVT4XK/AdobeStock_318383922.jpg]
[images.squarespace-cdn.com/content/v1/6047e4c6dfc6544ed63c758e/1618851791052-88RTROQW8EAACA7TWYWN/tax-shredding-staples-alberta-document-shred.jpg]
[images.squarespace-cdn.com/content/v1/6047e4c6dfc6544ed63c758e/1652726300173-LU99HNBK7SMTK155HP9K/Screenshot+2022-05-16+123814.png]
[www.merlinshredding.com/blog/4-ways-to-safely-destroy-hard-drive.html]
[www.merlinshredding.com/blog/securely-shredding-tax-documents-a-guide-to-records-retention.html]
[images.squarespace-cdn.com/content/v1/6047e4c6dfc6544ed63c758e/1689629466436-9M6LBFNN9X6CZ0N32WJY/merlin-shredding-tax-document-records-rentention-featured.jpg]
[images.squarespace-cdn.com/content/v1/6047e4c6dfc6544ed63c758e/1687807070750-ZKPSW18TLFLUCW0UCA15/image-asset.jpg]
[www.merlinshredding.com/blog/witnessing-the-destruction-of-personal-documents.html]
[images.squarespace-cdn.com/content/v1/6047e4c6dfc6544ed63c758e/1687799897976-VDY3NW5PJZOT9IW0AY2W/merlin-shredding-importance-certificate-of-destruction-featured.jpg]
[www.merlinshredding.com/blog/the-importance-of-a-certificate-of-destruction-when-shredding-documents.html]
[www.merlinshredding.com/blog/sending-documents-securely-7dh8s.html]
[images.squarespace-cdn.com/content/v1/6047e4c6dfc6544ed63c758e/1638572895184-3XCM7ZX1YZL41NJ2TQN6/unsplash-image-hXrPSgGFpqQ.jpg]
[www.merlinshredding.com/blog/email-phishing-922he.html]
[images.squarespace-cdn.com/content/v1/6047e4c6dfc6544ed63c758e/1633677856265-ZLF0F2VI9BHWSB6GKWWW/unsplash-image-qr7tsSwDOg0.jpg]
[www.merlinshredding.com/blog/personal-use-of-professional-it-equipment-rak4h.html]
[images.squarespace-cdn.com/content/v1/6047e4c6dfc6544ed63c758e/1633678400395-U9Z6PO822DD8THC4PLH3/unsplash-image-q8U1YgBaRQk.jpg]
[www.merlinshredding.com/blog/paper-waste-in-canada-and-how-shredding-can-help-reduce-it.html]
[images.squarespace-cdn.com/content/v1/6047e4c6dfc6544ed63c758e/1628539979156-1KY78CMVBAJOP3MHCYU7/AdobeStock_318383922.jpg]
[www.merlinshredding.com/blog/3-strategies-for-hybrid-model-security-protection.html]
[images.squarespace-cdn.com/content/v1/6047e4c6dfc6544ed63c758e/1657893517831-Y85EI7T467I96YY42MRR/is-hybrid-work-working-770x403.jpg]
[www.merlinshredding.com/blog/3-easy-ways-to-be-safe-when-online-shopping-xmmba.html]
[images.squarespace-cdn.com/content/v1/6047e4c6dfc6544ed63c758e/1621615865478-9ZRSHSDAJJRWAPKNF6E6/cyber-security-privacy-shredding-alberta-edmonton.jpg]
[www.merlinshredding.com/blog/top-4-cyber-threats-to-businesses-in-2022.html]
[images.squarespace-cdn.com/content/v1/6047e4c6dfc6544ed63c758e/1653939244352-RXU61UV1O78A4BEJ2K9T/photo_group-of-employees-working-on-project.png]
[www.merlinshredding.com/blog/what-happens-to-paper-after-shredding.html]
[images.squarespace-cdn.com/content/v1/6047e4c6dfc6544ed63c758e/1653425712992-XVLLIRH8JS7AXVU7NJ5I/rsz_sd_comm_cofswastemanagement_0501.jpg]
[www.merlinshredding.com/blog/why-to-destroy-technology-in-workplace.html]
[images.squarespace-cdn.com/content/v1/6047e4c6dfc6544ed63c758e/1649193807603-31LB7TDJEE6DV0AKTCCM/scott-graham-5fNmWej4tAA-unsplash.jpg]
[www.merlinshredding.com/blog/personal-use-of-professional-it-equipment-2daay.html]
[images.squarespace-cdn.com/content/v1/6047e4c6dfc6544ed63c758e/1648491074423-L9BKOLUCSLAA1DTZG1NZ/China-Briefing-Five-Fraud-Prevention-Strategies-to-Protect-Your-Company-in-China-.jpg]
[www.merlinshredding.com/blog.html]
[www.merlinshredding.com/blog3b04.html]
[images.squarespace-cdn.com/content/6047e4c6dfc6544ed63c758e/1618306999801-PUFMDW2WO31WTO2YSA0J/certifiedee8a.jpg]
[images.squarespace-cdn.com/content/v1/6047e4c6dfc6544ed63c758e/1616010593370-3SXG1DB2V6K1PMPZ66I9/pexels-andrea-piacquadio-3766218.jpg]
[www.merlinshredding.com/_https_/www.google.com/maps/embed.10d0e89.delayed]
[www.merlinshredding.com/contact-us.html]
[images.squarespace-cdn.com/content/6047e4c6dfc6544ed63c758e/1618308263234-X6TE4UPU5WDO5X126CGQ/cover-01ee8a.jpg]
[assets.squarespace.com/universal/scripts-compressed/extract-css-runtime-143833b7a9bbdb93-min.en-US.js]
[images.squarespace-cdn.com/content/v1/6047e4c6dfc6544ed63c758e/1616010167086-Q63M8E7KMYNRWRQPPEEE/AdobeStock_9656323.jpg]
[images.squarespace-cdn.com/content/v1/6047e4c6dfc6544ed63c758e/1615587359898-KYXVDO9UYBA4WFPIBN86/Request%2BService.jpg]
[www.merlinshredding.com/request-quote.html]
[images.squarespace-cdn.com/content/6047e4c6dfc6544ed63c758e/1628702591222-372PVAJ46ZO67VPIWQGH/AdobeStock_18910950143a3.jpg]
[www.merlinshredding.com/blog/why-textiles-get-shredded.html]
[images.squarespace-cdn.com/content/v1/6047e4c6dfc6544ed63c758e/1628702380841-2P1HDSNIG0PYKEJ3BKL7/AdobeStock_189109501.jpg]
[www.merlinshredding.com/blog82a7.html]
[images.squarespace-cdn.com/content/6047e4c6dfc6544ed63c758e/1654655546703-EV5CKZY9AX76S0LRAYZG/documents_needed43a3.jpg]
[images.squarespace-cdn.com/content/v1/6047e4c6dfc6544ed63c758e/82a3c03b-26f0-4481-9b27-1329bd1a5fe2/documents_needed.jpg]
[images.squarespace-cdn.com/content/v1/6047e4c6dfc6544ed63c758e/5b28cf4e-5557-4be8-bf8c-b62a250d3ee3/2-large-cardboard-parcels-stacked-at-front-door.png]
[www.merlinshredding.com/blog/4-things-you-didnt-think-of-shredding.html]
[www.merlinshredding.com/blogdd4c.html]
[images.squarespace-cdn.com/content/v1/6047e4c6dfc6544ed63c758e/1617072013517-DXUC1DTXIUEDKXMON65P/paper-shredding-services-staples-destruction-hard+drive.jpg]
[www.merlinshredding.com/blog/electronics-shredding-why-should-you-shred-your-old-computer.html]
[www.merlinshredding.com/blog/what-is-a-certificate-of-destruction.html]
[images.squarespace-cdn.com/content/6047e4c6dfc6544ed63c758e/1633678304339-7W04TVHZUVIDTR6B8OLN/unsplash-image-dbpLrMALyiM43a3.jpg]
[images.squarespace-cdn.com/content/v1/6047e4c6dfc6544ed63c758e/1631075460390-0EORNHIVVWMVMAGKIZJ3/unsplash-image-dbpLrMALyiM.jpg]
[images.squarespace-cdn.com/content/v1/6047e4c6dfc6544ed63c758e/1631075686472-V459GRVKUMMWBZ2R5MDN/unsplash-image--Ds7O9Y1_80.jpg]
[www.merlinshredding.com/blog/how-to-shred-without-a-paper-shredder-espt9.html]
[images.squarespace-cdn.com/content/6047e4c6dfc6544ed63c758e/1628277385396-Q6E2IRNC08PXCFHVT4XK/AdobeStock_31838392243a3.jpg]
[www.merlinshredding.com/blog/what-documents-to-keep-versus-shred-w4m9g.html]
[images.squarespace-cdn.com/content/6047e4c6dfc6544ed63c758e/1618851791052-88RTROQW8EAACA7TWYWN/tax-shredding-staples-alberta-document-shred43a3.jpg]
[www.merlinshredding.com/blog/why-should-we-shred-our-old-tax-information.html]
[images.squarespace-cdn.com/content/v1/6047e4c6dfc6544ed63c758e/1616171111277-XXEWTGFCRE31I5XDL5UC/mast-shredinator-lg.jpg]
[www.merlinshredding.com/change/add-appointment.html]
[images.squarespace-cdn.com/content/6047e4c6dfc6544ed63c758e/1617703112826-MZ3OJKTQ6B8MIZ9TW4MX/cover-04ee8a.jpg]
[images.squarespace-cdn.com/content/v1/6047e4c6dfc6544ed63c758e/1616092156069-761UTPW5AJHKON61V6GB/AdobeStock_355967621.jpg]
[images.squarespace-cdn.com/content/v1/6047e4c6dfc6544ed63c758e/1629446562672-8TQKZ8VXW7D5QMESFZHP/naid.png]
[www.merlinshredding.com/areas-we-service.html]
[www.merlinshredding.com/privacy-policy.html]
[images.squarespace-cdn.com/content/6047e4c6dfc6544ed63c758e/1629446562672-8TQKZ8VXW7D5QMESFZHP/naid5d45.png]
[images.squarespace-cdn.com/content/v1/6047e4c6dfc6544ed63c758e/1629443511275-MS3KNA236E6WWIWNXPIV/naid.png]
[images.squarespace-cdn.com/content/v1/6047e4c6dfc6544ed63c758e/1629444321551-T69GK1AKUJ3PEI9AG2MM/unsplash-image-wbXdGS_D17U.jpg]
[www.merlinshredding.com/blog/what-is-the-naid-aaa-certification.html]
[definitions.sqspcdn.com/website-component-definition/static-assets/website.components.form/1d86fba7-1e58-4a2b-9e3b-67593f31657e_175/website.components.form.styles.css]
[www.merlinshredding.com/blog/security-policies-working-from-home-and-office.html]
[images.squarespace-cdn.com/content/6047e4c6dfc6544ed63c758e/1652726300173-LU99HNBK7SMTK155HP9K/Screenshot+2022-05-16+1238145d45.png]
[www.merlinshredding.com/blog/4-ways-to-safely-destroy-hard-drive.html]
[images.squarespace-cdn.com/content/6047e4c6dfc6544ed63c758e/1689629466436-9M6LBFNN9X6CZ0N32WJY/merlin-shredding-tax-document-records-rentention-featuredee8a.jpg]
[assets.squarespace.com/universal/scripts-compressed/extract-css-runtime-014966edcb537ba6-min.en-US.js]
[images.squarespace-cdn.com/content/v1/6047e4c6dfc6544ed63c758e/0d5efa9d-f797-4d7a-8656-0b77ea4b70e2/merlin-shredding-tax-document-records-rentention-featured.jpg]
[www.merlinshredding.com/blog/securely-shredding-tax-documents-a-guide-to-records-retention.html]
[www.merlinshredding.com/blog/witnessing-the-destruction-of-personal-documents.html]
[www.merlinshredding.com/blog5a7e.html]
[images.squarespace-cdn.com/content/6047e4c6dfc6544ed63c758e/1687799897976-VDY3NW5PJZOT9IW0AY2W/merlin-shredding-importance-certificate-of-destruction-featuredee8a.jpg]
[images.squarespace-cdn.com/content/v1/6047e4c6dfc6544ed63c758e/1649a963-9759-4d1a-b34d-a531c88355cc/merlin-shredding-importance-certificate-of-destruction-featured.jpg]
[www.merlinshredding.com/blog/the-importance-of-a-certificate-of-destruction-when-shredding-documents.html]
[www.merlinshredding.com/blog/7-facts-on-paper-shredding.html]
[images.squarespace-cdn.com/content/6047e4c6dfc6544ed63c758e/1638572895184-3XCM7ZX1YZL41NJ2TQN6/unsplash-image-hXrPSgGFpqQ43a3.jpg]
[images.squarespace-cdn.com/content/v1/6047e4c6dfc6544ed63c758e/1638572845885-QWWZF42JQ6YLT9G9YJM8/unsplash-image-hXrPSgGFpqQ.jpg]
[images.squarespace-cdn.com/content/v1/6047e4c6dfc6544ed63c758e/1638572926272-NGUW90F7AANS3LK5OCAH/unsplash-image-brOOz19UzQg.jpg]
[www.merlinshredding.com/blog/sending-documents-securely-7dh8s.html]
[images.squarespace-cdn.com/content/6047e4c6dfc6544ed63c758e/1633677856265-ZLF0F2VI9BHWSB6GKWWW/unsplash-image-qr7tsSwDOg043a3.jpg]
[images.squarespace-cdn.com/content/v1/6047e4c6dfc6544ed63c758e/1632464650384-F735YOWZJJFUYMNTF723/unsplash-image-qr7tsSwDOg0.jpg]
[images.squarespace-cdn.com/content/v1/6047e4c6dfc6544ed63c758e/1632466653355-G6G8H07KYULZAMA9Q18A/unsplash-image-nVeTGyYosKY.jpg]
[images.squarespace-cdn.com/content/v1/6047e4c6dfc6544ed63c758e/1632466159420-94EPGH4VZU2LUS0GKLO5/unsplash-image-_joofjYCG1Q.jpg]
[www.merlinshredding.com/blog/email-phishing-922he.html]
[images.squarespace-cdn.com/content/6047e4c6dfc6544ed63c758e/1633678400395-U9Z6PO822DD8THC4PLH3/unsplash-image-q8U1YgBaRQk43a3.jpg]
[images.squarespace-cdn.com/content/v1/6047e4c6dfc6544ed63c758e/1630284048777-1GVJJCHO2JGNYTDLG9CU/unsplash-image-q8U1YgBaRQk.jpg]
[images.squarespace-cdn.com/content/v1/6047e4c6dfc6544ed63c758e/1630307344857-VDN23CA3OO04XW26P3NE/unsplash-image-ZYb_fGvNndA.jpg]
[images.squarespace-cdn.com/content/v1/6047e4c6dfc6544ed63c758e/1630307160364-RAO06ZKHK19M3ADAULXM/unsplash-image-rFnKnVz6XmQ.jpg]
[www.merlinshredding.com/blog/personal-use-of-professional-it-equipment-rak4h.html]
[images.squarespace-cdn.com/content/6047e4c6dfc6544ed63c758e/1628539979156-1KY78CMVBAJOP3MHCYU7/AdobeStock_31838392243a3.jpg]
[images.squarespace-cdn.com/content/v1/6047e4c6dfc6544ed63c758e/1628548103066-4RDG7SY6TB3F9Z0SOUTA/AdobeStock_318383922.jpg]
[www.merlinshredding.com/blog/paper-waste-in-canada-and-how-shredding-can-help-reduce-it.html]
[images.squarespace-cdn.com/content/v1/6047e4c6dfc6544ed63c758e/1628548203397-5KNNJUSKPAIJ12RZO6YC/AdobeStock_292884445.jpg]
[images.squarespace-cdn.com/content/6047e4c6dfc6544ed63c758e/1657893517831-Y85EI7T467I96YY42MRR/is-hybrid-work-working-770x403ee8a.jpg]
[images.squarespace-cdn.com/content/v1/6047e4c6dfc6544ed63c758e/24f8830a-784c-495c-a461-786e17c4b1bc/is-hybrid-work-working-770x403.jpg]
[images.squarespace-cdn.com/content/v1/6047e4c6dfc6544ed63c758e/1633677056552-O0U71IKTKBONMYV9OSLX/unsplash-image-SPuHHjbSso8.jpg]
[www.merlinshredding.com/blog/3-strategies-for-hybrid-model-security-protection.html]
[images.squarespace-cdn.com/content/6047e4c6dfc6544ed63c758e/1621615865478-9ZRSHSDAJJRWAPKNF6E6/cyber-security-privacy-shredding-alberta-edmonton43a3.jpg]
[images.squarespace-cdn.com/content/v1/6047e4c6dfc6544ed63c758e/1621615731965-1YJDTYY9W3GZIPJ6BQXD/cyber-security-privacy-shredding-alberta-edmonton.jpg]
[www.merlinshredding.com/blog/working-from-home-2021-how-are-you-keeping-your-business-documents-safe.html]
[images.squarespace-cdn.com/content/v1/6047e4c6dfc6544ed63c758e/8d2b5fbc-2dc0-4474-8f04-aa9c44f0c2c2/shutterstock4613557242DQ2_0.jpg]
[images.squarespace-cdn.com/content/v1/6047e4c6dfc6544ed63c758e/1621615799648-97BPG4T9KCU65Q8UJ46F/credit+card-protection-security-risk-business-edmonton-calgary.jpg]
[www.merlinshredding.com/blog/3-easy-ways-to-be-safe-when-online-shopping-xmmba.html]
[images.squarespace-cdn.com/content/6047e4c6dfc6544ed63c758e/1653939244352-RXU61UV1O78A4BEJ2K9T/photo_group-of-employees-working-on-project5d45.png]
[images.squarespace-cdn.com/content/v1/6047e4c6dfc6544ed63c758e/f428f08d-9ecb-4b0f-bc04-0779528291cf/photo_group-of-employees-working-on-project.png]
[www.merlinshredding.com/blog/top-4-cyber-threats-to-businesses-in-2022.html]
[images.squarespace-cdn.com/content/6047e4c6dfc6544ed63c758e/1630048370518-5MJ8V7EJXJEGE5QK5D7G/unsplash-image-ggNIvdDZMXA43a3.jpg]
[images.squarespace-cdn.com/content/v1/6047e4c6dfc6544ed63c758e/3cd1d417-364a-4233-9b67-51d2580a8149/rsz_sd_comm_cofswastemanagement_0501.jpg]
[www.merlinshredding.com/blog/what-happens-to-paper-after-shredding.html]
[images.squarespace-cdn.com/content/v1/6047e4c6dfc6544ed63c758e/8540bfd6-7211-4ff2-813b-a6deeb559fe2/Screenshot+2022-05-24+145116.png]
[images.squarespace-cdn.com/content/6047e4c6dfc6544ed63c758e/1649193807603-31LB7TDJEE6DV0AKTCCM/scott-graham-5fNmWej4tAA-unsplash43a3.jpg]
[images.squarespace-cdn.com/content/v1/6047e4c6dfc6544ed63c758e/9101a012-548c-4502-98d2-d63c226d74a7/agefis-vKvUcdyaUhc-unsplash.jpg]
[images.squarespace-cdn.com/content/v1/6047e4c6dfc6544ed63c758e/7415c18e-6594-4435-919f-b477f71f72e1/arlington-research-Kz8nHVg_tGI-unsplash.jpg]
[www.merlinshredding.com/blog/why-to-destroy-technology-in-workplace.html]
[images.squarespace-cdn.com/content/v1/6047e4c6dfc6544ed63c758e/dacd53f6-b95f-4629-b927-a2e331a74fe7/China-Briefing-Five-Fraud-Prevention-Strategies-to-Protect-Your-Company-in-China-.jpg]
[images.squarespace-cdn.com/content/v1/6047e4c6dfc6544ed63c758e/8a316aa4-c677-418a-8237-624bba0f6217/fraud7ed93b4e827d6df1bc1fff00003724d4.jpg]
[images.squarespace-cdn.com/content/v1/6047e4c6dfc6544ed63c758e/da0c66cd-8553-4933-9c77-e5290895587d/fraudprotection_banner.png]
[www.merlinshredding.com/blog/personal-use-of-professional-it-equipment-2daay.html]
[www.merlinshredding.com/blog/going-local-with-merlin-shredding-gldsk.html]
[images.squarespace-cdn.com/content/v1/6047e4c6dfc6544ed63c758e/1644535837758-P50WVBD8NSAZ1DKV7Y6P/Untitled-design-4.png]
[www.merlinshredding.com/blog/where-do-shredded-clothes-go-7t6e9.html]
[images.squarespace-cdn.com/content/v1/6047e4c6dfc6544ed63c758e/1643306980110-I9PVJ3VO2F6KLDHD1PQ3/LEO-SEO-2020527_WhyCorporateApparelGoodBusiness.jpg]
[www.merlinshredding.com/blog/paper-shredder-maintenance-101-lb7t2.html]
[images.squarespace-cdn.com/content/v1/6047e4c6dfc6544ed63c758e/1638750410441-2EBYH0481HB2VBE6H3GA/unsplash-image--9gPKrsbGmc.jpg]
[www.merlinshredding.com/blog/keeping-your-remote-office-space-secure-8f37r.html]
[images.squarespace-cdn.com/content/v1/6047e4c6dfc6544ed63c758e/1638494878477-F3JBY3DFU32R0UYKZ210/unsplash-image-Be5aVKFv9ho.jpg]
[www.merlinshredding.com/blog/external-hard-drives-versus-cloud-storage-dgbgy.html]
[images.squarespace-cdn.com/content/v1/6047e4c6dfc6544ed63c758e/1638745696826-68K12BPPRGV2AQUO9HN5/unsplash-image-gLdJnQFcIXE.jpg]
[www.merlinshredding.com/blog/cybersecurity-in-2021.html]
[images.squarespace-cdn.com/content/v1/6047e4c6dfc6544ed63c758e/1636949059940-BYKFI51F9MH6PVWEK2RJ/unsplash-image-nCvi-gS5r88.jpg]
[www.merlinshredding.com/blog/the-fascinating-history-of-the-paper-shredder.html]
[images.squarespace-cdn.com/content/v1/6047e4c6dfc6544ed63c758e/1638494861316-R9ZD7DZV43I54SZHV0YH/abl.jpg]
[www.merlinshredding.com/blog/cybersecurity-awareness-month.html]
[images.squarespace-cdn.com/content/v1/6047e4c6dfc6544ed63c758e/1636947941433-LOX2PWWCXKZLTGGAD66S/unsplash-image-iIJrUoeRoCQ.jpg]
[www.merlinshredding.com/blog/what-not-to-shred.html]
[images.squarespace-cdn.com/content/v1/6047e4c6dfc6544ed63c758e/1633677811560-NH5SF19KF7X8BZCI20VQ/unsplash-image-cpIgNaazQ6w.jpg]
[images.squarespace-cdn.com/content/v1/6047e4c6dfc6544ed63c758e/1639089483213-LN1J2P2LYPHQ0AMONA66/unsplash-image-Kab_-4M4I74.jpg]
[images.squarespace-cdn.com/content/v1/6047e4c6dfc6544ed63c758e/1629446529037-S78XPCVTOCXYDIPF35F1/naid.png]
[images.squarespace-cdn.com/content/v1/6047e4c6dfc6544ed63c758e/1625588114831-LOH470ALKARPRS78NQKG/tim-van-der-kuip-CPs2X8JYmS8-unsplash.jpg]
[www.merlinshredding.com/blog/3-tips-for-spring-cleaning-office.html]
[images.squarespace-cdn.com/content/v1/6047e4c6dfc6544ed63c758e/1620775943354-VGHGCDW4Y8OED1BBST1F/paper-filing-staples-shredding-shred-edmonton-calgary.jpg]
[images.squarespace-cdn.com/content/v1/6047e4c6dfc6544ed63c758e/1618370845821-4CU5CODI14YKYZAFP9HX/mikey-harris-kw0z6RyvC0s-unsplash.jpg]
[www.merlinshredding.com/blog3b04.html]
[www.merlinshredding.com/_https_/www.google.com/maps/embed0e89.html]
[www.merlinshredding.com/bloga2b3.html]
[www.merlinshredding.com/blog82a7.html]
[www.merlinshredding.com/blogdd4c.html]
[www.merlinshredding.com/blog4e80.html]
[images.squarespace-cdn.com/content/6047e4c6dfc6544ed63c758e/1639089483213-LN1J2P2LYPHQ0AMONA66/unsplash-image-Kab_-4M4I7443a3.jpg]
[images.squarespace-cdn.com/content/v1/6047e4c6dfc6544ed63c758e/1639088467070-4ZXUOR7H6IWRB09FFQJS/unsplash-image-Kab_-4M4I74.jpg]
[images.squarespace-cdn.com/content/v1/6047e4c6dfc6544ed63c758e/1639089637518-BG9KI50SSWWN9S7SWLCB/unsplash-image-FWVMhUa_wbY.jpg]
[www.merlinshredding.com/blog/what-is-a-certificate-of-destruction.html]
[images.squarespace-cdn.com/content/6047e4c6dfc6544ed63c758e/1625588050461-GWUYVZI56P48P31BLQ8Z/tim-van-der-kuip-CPs2X8JYmS8-unsplash43a3.jpg]
[images.squarespace-cdn.com/content/v1/6047e4c6dfc6544ed63c758e/1625587850261-6QH4Z891OVUIYYWXHPA8/firmbee-com-SpVHcbuKi6E-unsplash+(1).jpg]
[www.merlinshredding.com/blog/security-policies-working-from-home-and-office.html]
[www.merlinshredding.com/blog5a7e.html]
[images.squarespace-cdn.com/content/6047e4c6dfc6544ed63c758e/1644535886972-HEGSY69GSW2OYIHUEWB4/Untitled-design-45d45.png]
[images.squarespace-cdn.com/content/v1/6047e4c6dfc6544ed63c758e/27ec3319-e303-43fc-9328-65a04542f2de/Untitled-design-4.png]
[www.merlinshredding.com/blog/7-facts-on-paper-shredding.html]
[images.squarespace-cdn.com/content/v1/6047e4c6dfc6544ed63c758e/6278ecb6-f6ca-4e4b-851a-544c5f458fc6/hand_shredded_paper_LoloStock.jpg]
[images.squarespace-cdn.com/content/6047e4c6dfc6544ed63c758e/1618370845821-4CU5CODI14YKYZAFP9HX/mikey-harris-kw0z6RyvC0s-unsplash43a3.jpg]
[www.merlinshredding.com/blog9779.html]
[images.squarespace-cdn.com/content/v1/6047e4c6dfc6544ed63c758e/1618370244501-78UTDVBM74H04AFVV1K9/electronics-shredding-alberta-paper-shredding.jpg]
[images.squarespace-cdn.com/content/v1/6047e4c6dfc6544ed63c758e/1617071486071-NHDLAHAUKA0WQZD5LG20/paper-shredding-safety.jpg]
[images.squarespace-cdn.com/content/v1/6047e4c6dfc6544ed63c758e/1617071731249-ALRXT5Y3DG4H16Q3JAES/paper-shredding-alberta-shred-service.jpg]
[www.merlinshredding.com/blog/working-from-home-2021-how-are-you-keeping-your-business-documents-safe.html]
[www.merlinshredding.com/blog/going-local-with-merlin-shredding-gldsk.html]
[static1.squarespace.com/static/6047e4c6dfc6544ed63c758e/6047f052f7b2925db6ce25fd/622a7234a70f28328b75c358/1758129667513/China-Briefing-Five-Fraud-Prevention-Strategies-to-Protect-Your-Company-in-China-.1af2]
[images.squarespace-cdn.com/content/6047e4c6dfc6544ed63c758e/1643307274485-W4Z9XUJYFEOZEE61KCWZ/LEO-SEO-2020527_WhyCorporateApparelGoodBusinessee8a.jpg]
[www.merlinshredding.com/blog/where-do-shredded-clothes-go-7t6e9.html]
[images.squarespace-cdn.com/content/v1/6047e4c6dfc6544ed63c758e/e2265af0-0e8e-45cd-bbf4-4276c34e4b87/LEO-SEO-2020527_WhyCorporateApparelGoodBusiness.jpg]
[images.squarespace-cdn.com/content/6047e4c6dfc6544ed63c758e/1638750410441-2EBYH0481HB2VBE6H3GA/unsplash-image--9gPKrsbGmc43a3.jpg]
[images.squarespace-cdn.com/content/v1/6047e4c6dfc6544ed63c758e/1638750146524-END4QYU31OTIT0PLDBCX/unsplash-image-YzSZN3qvHeo.jpg]
[images.squarespace-cdn.com/content/v1/6047e4c6dfc6544ed63c758e/1638750459667-MUWACGX30QS8Z205MP9B/unsplash-image--9gPKrsbGmc.jpg]
[www.merlinshredding.com/blog/paper-shredder-maintenance-101-lb7t2.html]
[images.squarespace-cdn.com/content/6047e4c6dfc6544ed63c758e/1638494878477-F3JBY3DFU32R0UYKZ210/unsplash-image-Be5aVKFv9ho43a3.jpg]
[images.squarespace-cdn.com/content/v1/6047e4c6dfc6544ed63c758e/1638488366276-KCRV0EXE8NAMXMSVY96P/unsplash-image-mfSONsza7fA.jpg]
[images.squarespace-cdn.com/content/v1/6047e4c6dfc6544ed63c758e/1638488480354-HH6MY4C3ZFFDPVR9L1JU/unsplash-image-Be5aVKFv9ho.jpg]
[www.merlinshredding.com/blog/keeping-your-remote-office-space-secure-8f37r.html]
[images.squarespace-cdn.com/content/6047e4c6dfc6544ed63c758e/1638745696826-68K12BPPRGV2AQUO9HN5/unsplash-image-gLdJnQFcIXE43a3.jpg]
[images.squarespace-cdn.com/content/v1/6047e4c6dfc6544ed63c758e/1638745641103-YMGLN1W5UB17EGRLB1IK/unsplash-image-2CehLl3d8Ak.jpg]
[images.squarespace-cdn.com/content/v1/6047e4c6dfc6544ed63c758e/1638745668159-FLNJNN7XXG9S68ZHFS71/unsplash-image-gLdJnQFcIXE.jpg]
[www.merlinshredding.com/blog/external-hard-drives-versus-cloud-storage-dgbgy.html]
[images.squarespace-cdn.com/content/6047e4c6dfc6544ed63c758e/1636949059940-BYKFI51F9MH6PVWEK2RJ/unsplash-image-nCvi-gS5r8843a3.jpg]
[images.squarespace-cdn.com/content/v1/6047e4c6dfc6544ed63c758e/1636948407784-7U8JD4MG689GW4S27ENI/unsplash-image-nCvi-gS5r88.jpg]
[images.squarespace-cdn.com/content/v1/6047e4c6dfc6544ed63c758e/1636948794867-2II3XZVX89V0SHW4ZNO4/unsplash-image-vZ8FexauR5o.jpg]
[www.merlinshredding.com/blog/cybersecurity-in-2021.html]
[images.squarespace-cdn.com/content/6047e4c6dfc6544ed63c758e/1638494861316-R9ZD7DZV43I54SZHV0YH/ablee8a.jpg]
[images.squarespace-cdn.com/content/v1/6047e4c6dfc6544ed63c758e/22c52a9b-924a-4731-85bd-e716024b0d15/pexels-photo-7128657.jpg]
[images.squarespace-cdn.com/content/v1/6047e4c6dfc6544ed63c758e/58260216-410b-4587-8595-23f36b2d4e2d/abl.jpg]
[www.merlinshredding.com/blog/the-fascinating-history-of-the-paper-shredder.html]
[images.squarespace-cdn.com/content/6047e4c6dfc6544ed63c758e/1636947941433-LOX2PWWCXKZLTGGAD66S/unsplash-image-iIJrUoeRoCQ43a3.jpg]
[images.squarespace-cdn.com/content/v1/6047e4c6dfc6544ed63c758e/1635152203666-MF2AB502EXCLKWBHNWEK/unsplash-image-E-V6EMtGSUU.jpg]
[images.squarespace-cdn.com/content/v1/6047e4c6dfc6544ed63c758e/1635152241656-FQQJ2G7JRS94IN1Z5TRI/unsplash-image-iIJrUoeRoCQ.jpg]
[www.merlinshredding.com/blog/cybersecurity-awareness-month.html]
[images.squarespace-cdn.com/content/6047e4c6dfc6544ed63c758e/1633677811560-NH5SF19KF7X8BZCI20VQ/unsplash-image-cpIgNaazQ6w43a3.jpg]
[images.squarespace-cdn.com/content/v1/6047e4c6dfc6544ed63c758e/1633677085413-99RLY3T8ON2UM5JCI6DU/unsplash-image-cpIgNaazQ6w.jpg]
[www.merlinshredding.com/blog/what-not-to-shred.html]
[images.squarespace-cdn.com/content/6047e4c6dfc6544ed63c758e/1620775943354-VGHGCDW4Y8OED1BBST1F/paper-filing-staples-shredding-shred-edmonton-calgary43a3.jpg]
[images.squarespace-cdn.com/content/v1/6047e4c6dfc6544ed63c758e/1620775654382-NRNS1IAQQBLE9A4LUIZM/spring-cleaning-shredder-shred-alberta-edmonton-staples.jpg]
[images.squarespace-cdn.com/content/v1/6047e4c6dfc6544ed63c758e/1620775783299-EYEN2U0KZ8NHJI5OTQ5F/paper-filing-staples-shredding-shred-edmonton-calgary.jpg]
[images.squarespace-cdn.com/content/v1/6047e4c6dfc6544ed63c758e/1620775555161-S2HNYZ7DNL9XX39M6VA8/shredding-edmonton-shred-alberta-spring+cleaning.jpg]
[www.merlinshredding.com/blog/3-tips-for-spring-cleaning-office.html]
[www.merlinshredding.com/bloga2b3.html]
[www.merlinshredding.com/blog4e80.html]
[www.merlinshredding.com/blog9779.html]
[www.merlinshredding.com/blog5aad.html]
[www.merlinshredding.com/blog5aad.html]
